
> prism-service@1.0.0 test
> vitest run --passWithNoTests


[1m[30m[46m RUN [49m[39m[22m [36mv4.1.5 [39m[90m/home/rodrigo/development/prism-service[39m

 [32m✓[39m tests/autoApprovalEngine.test.ts [2m([22m[2m59 tests[22m[2m)[22m[32m 9[2mms[22m[39m
 [32m✓[39m tests/agenticToolResolver.test.ts [2m([22m[2m7 tests[22m[2m)[22m[32m 6[2mms[22m[39m
 [32m✓[39m tests/contextWindowManager.test.ts [2m([22m[2m27 tests[22m[2m)[22m[32m 9[2mms[22m[39m
 [32m✓[39m tests/backgroundCostPropagation.test.ts [2m([22m[2m10 tests[22m[2m)[22m[32m 7[2mms[22m[39m
 [32m✓[39m tests/conversationService.test.ts [2m([22m[2m14 tests[22m[2m)[22m[32m 10[2mms[22m[39m
 [32m✓[39m tests/streamingToolPersistence.test.ts [2m([22m[2m8 tests[22m[2m)[22m[32m 8[2mms[22m[39m
 [32m✓[39m tests/backgroundTokenAccuracy.test.ts [2m([22m[2m25 tests[22m[2m)[22m[32m 9[2mms[22m[39m
 [32m✓[39m tests/agenticSessionPersistence.test.ts [2m([22m[2m8 tests[22m[2m)[22m[32m 8[2mms[22m[39m
 [32m✓[39m tests/sessionCostReconciliation.test.ts [2m([22m[2m15 tests[22m[2m)[22m[32m 6[2mms[22m[39m
 [32m✓[39m tests/costCalculation.test.ts [2m([22m[2m89 tests[22m[2m)[22m[32m 13[2mms[22m[39m
[90mstderr[2m | tests/harness-lifecycle.test.ts[2m > [22m[2mPostExecutionEmitter[2m > [22m[2mtrackToolErrors[2m > [22m[2mshould emit status when error limit is reached
[22m[39m[12:28:03] WARN  [prism] [AgenticLoop] Tool "write_file" hit error limit (3), skipping in future iterations

[90mstderr[2m | tests/harness-lifecycle.test.ts[2m > [22m[2mPlanModeController[2m > [22m[2mblockUnauthorizedToolCalls[2m > [22m[2mshould block non-exit tool calls and add system message
[22m[39m[12:28:03] WARN  [prism] [PlanningMode] Blocked 2 unauthorized tool call(s): write_file, read_file

[90mstderr[2m | tests/harness-lifecycle.test.ts[2m > [22m[2mPlanModeController[2m > [22m[2mblockUnauthorizedToolCalls[2m > [22m[2mshould allow exit_plan_mode while blocking others
[22m[39m[12:28:03] WARN  [prism] [PlanningMode] Blocked 1 unauthorized tool call(s): write_file

[90mstdout[2m | tests/harness-lifecycle.test.ts[2m > [22m[2mPlanModeController[2m > [22m[2mcheckForPlanModeEntry[2m > [22m[2mshould activate plan mode when enter_plan_mode is in tool calls
[22m[39m[12:28:03] INFO  [prism] [PlanningMode] Injected planning instruction into system prompt

 [32m✓[39m tests/harness-lifecycle.test.ts [2m([22m[2m22 tests[22m[2m)[22m[32m 14[2mms[22m[39m
[90mstdout[2m | tests/textToSpeech.test.ts
[22m[39m[12:28:03] INFO  [prism] [InternalToolRegistry] Registered 14 internal tools: [enter_plan_mode, exit_plan_mode, skill_create, skill_execute, skill_list, skill_delete, enter_worktree, exit_worktree, todo_write, brief, ask_user_question, list_mcp_resources, read_mcp_resource, mcp_authenticate]

[90mstdout[2m | tests/textToImage.test.ts
[22m[39m[12:28:03] INFO  [prism] [InternalToolRegistry] Registered 14 internal tools: [enter_plan_mode, exit_plan_mode, skill_create, skill_execute, skill_list, skill_delete, enter_worktree, exit_worktree, todo_write, brief, ask_user_question, list_mcp_resources, read_mcp_resource, mcp_authenticate]

[90mstdout[2m | tests/thinkingMode.test.ts
[22m[39m[12:28:03] INFO  [prism] [InternalToolRegistry] Registered 14 internal tools: [enter_plan_mode, exit_plan_mode, skill_create, skill_execute, skill_list, skill_delete, enter_worktree, exit_worktree, todo_write, brief, ask_user_question, list_mcp_resources, read_mcp_resource, mcp_authenticate]

[90mstdout[2m | tests/tokenCostAccuracy.test.ts
[22m[39m[12:28:03] INFO  [prism] [InternalToolRegistry] Registered 14 internal tools: [enter_plan_mode, exit_plan_mode, skill_create, skill_execute, skill_list, skill_delete, enter_worktree, exit_worktree, todo_write, brief, ask_user_question, list_mcp_resources, read_mcp_resource, mcp_authenticate]

[90mstdout[2m | tests/auth.test.ts
[22m[39m[12:28:03] INFO  [prism] [InternalToolRegistry] Registered 14 internal tools: [enter_plan_mode, exit_plan_mode, skill_create, skill_execute, skill_list, skill_delete, enter_worktree, exit_worktree, todo_write, brief, ask_user_question, list_mcp_resources, read_mcp_resource, mcp_authenticate]

[90mstdout[2m | tests/imageToText.test.ts
[22m[39m[12:28:03] INFO  [prism] [InternalToolRegistry] Registered 14 internal tools: [enter_plan_mode, exit_plan_mode, skill_create, skill_execute, skill_list, skill_delete, enter_worktree, exit_worktree, todo_write, brief, ask_user_question, list_mcp_resources, read_mcp_resource, mcp_authenticate]

[90mstdout[2m | tests/health.test.ts
[22m[39m[12:28:03] INFO  [prism] [InternalToolRegistry] Registered 14 internal tools: [enter_plan_mode, exit_plan_mode, skill_create, skill_execute, skill_list, skill_delete, enter_worktree, exit_worktree, todo_write, brief, ask_user_question, list_mcp_resources, read_mcp_resource, mcp_authenticate]

[90mstdout[2m | tests/textToText.test.ts
[22m[39m[12:28:03] INFO  [prism] [InternalToolRegistry] Registered 14 internal tools: [enter_plan_mode, exit_plan_mode, skill_create, skill_execute, skill_list, skill_delete, enter_worktree, exit_worktree, todo_write, brief, ask_user_question, list_mcp_resources, read_mcp_resource, mcp_authenticate]

[90mstdout[2m | tests/configUtils.test.ts
[22m[39m[12:28:03] INFO  [prism] [InternalToolRegistry] Registered 14 internal tools: [enter_plan_mode, exit_plan_mode, skill_create, skill_execute, skill_list, skill_delete, enter_worktree, exit_worktree, todo_write, brief, ask_user_question, list_mcp_resources, read_mcp_resource, mcp_authenticate]

[90mstdout[2m | tests/config.test.ts
[22m[39m[12:28:03] INFO  [prism] [InternalToolRegistry] Registered 14 internal tools: [enter_plan_mode, exit_plan_mode, skill_create, skill_execute, skill_list, skill_delete, enter_worktree, exit_worktree, todo_write, brief, ask_user_question, list_mcp_resources, read_mcp_resource, mcp_authenticate]

[90mstdout[2m | tests/modalityToEmbedding.test.ts
[22m[39m[12:28:03] INFO  [prism] [InternalToolRegistry] Registered 14 internal tools: [enter_plan_mode, exit_plan_mode, skill_create, skill_execute, skill_list, skill_delete, enter_worktree, exit_worktree, todo_write, brief, ask_user_question, list_mcp_resources, read_mcp_resource, mcp_authenticate]

[90mstdout[2m | tests/config.test.ts
[22m[39m[12:28:03] INFO  [prism] [LocalProviderGateway] Initialized

[90mstdout[2m | tests/config.test.ts
[22m[39m[12:28:03] INFO  [prism] [LocalModelQueue] Initialized (default concurrency: 1)

[90mstdout[2m | tests/textToImage.test.ts
[22m[39m[12:28:03] INFO  [prism] [LocalProviderGateway] Initialized

[90mstdout[2m | tests/textToImage.test.ts
[22m[39m[12:28:03] INFO  [prism] [LocalModelQueue] Initialized (default concurrency: 1)

[90mstdout[2m | tests/auth.test.ts
[22m[39m[12:28:03] INFO  [prism] [LocalProviderGateway] Initialized

[90mstdout[2m | tests/auth.test.ts
[22m[39m[12:28:03] INFO  [prism] [LocalModelQueue] Initialized (default concurrency: 1)

[90mstdout[2m | tests/configUtils.test.ts
[22m[39m[12:28:03] INFO  [prism] [LocalProviderGateway] Initialized

[90mstdout[2m | tests/configUtils.test.ts
[22m[39m[12:28:03] INFO  [prism] [LocalModelQueue] Initialized (default concurrency: 1)

[90mstdout[2m | tests/health.test.ts
[22m[39m[12:28:03] INFO  [prism] [LocalProviderGateway] Initialized

[90mstdout[2m | tests/health.test.ts
[22m[39m[12:28:03] INFO  [prism] [LocalModelQueue] Initialized (default concurrency: 1)

[90mstdout[2m | tests/imageToText.test.ts
[22m[39m[12:28:03] INFO  [prism] [LocalProviderGateway] Initialized

[90mstdout[2m | tests/imageToText.test.ts
[22m[39m[12:28:03] INFO  [prism] [LocalModelQueue] Initialized (default concurrency: 1)

[90mstdout[2m | tests/textToSpeech.test.ts
[22m[39m[12:28:03] INFO  [prism] [LocalProviderGateway] Initialized

[90mstdout[2m | tests/textToSpeech.test.ts
[22m[39m[12:28:03] INFO  [prism] [LocalModelQueue] Initialized (default concurrency: 1)

[90mstdout[2m | tests/modalityToEmbedding.test.ts
[22m[39m[12:28:03] INFO  [prism] [LocalProviderGateway] Initialized

[90mstdout[2m | tests/modalityToEmbedding.test.ts
[22m[39m[12:28:03] INFO  [prism] [LocalModelQueue] Initialized (default concurrency: 1)

[90mstdout[2m | tests/tokenCostAccuracy.test.ts
[22m[39m[12:28:03] INFO  [prism] [LocalProviderGateway] Initialized

[90mstdout[2m | tests/tokenCostAccuracy.test.ts
[22m[39m[12:28:03] INFO  [prism] [LocalModelQueue] Initialized (default concurrency: 1)

[90mstdout[2m | tests/thinkingMode.test.ts
[22m[39m[12:28:03] INFO  [prism] [LocalProviderGateway] Initialized

[90mstdout[2m | tests/thinkingMode.test.ts
[22m[39m[12:28:03] INFO  [prism] [LocalModelQueue] Initialized (default concurrency: 1)

[90mstdout[2m | tests/textToText.test.ts
[22m[39m[12:28:03] INFO  [prism] [LocalProviderGateway] Initialized

[90mstdout[2m | tests/textToText.test.ts
[22m[39m[12:28:03] INFO  [prism] [LocalModelQueue] Initialized (default concurrency: 1)

 [32m✓[39m tests/agenticLoopService.test.ts [2m([22m[2m15 tests[22m[2m)[22m[33m 341[2mms[22m[39m
     [33m[2m✓[22m[39m should execute a single loop and emit chunks [33m 325[2mms[22m[39m
[90mstdout[2m | tests/thinkingMode.test.ts[2m > [22m[2mGemini 3.5 Flash / Agentic Thinking Mode[2m > [22m[2mGoogle Provider Config Builder[2m > [22m[2mconfigures thinkingConfig when model supports thinking and thinkingEnabled is true
[22m[39m[12:28:03] INFO  [prism] [Google] generateText model=gemini-3.5-flash

[90mstdout[2m | tests/thinkingMode.test.ts[2m > [22m[2mGemini 3.5 Flash / Agentic Thinking Mode[2m > [22m[2mGoogle Provider Config Builder[2m > [22m[2mparses thinkingBudget as integer even if passed as a string
[22m[39m[12:28:03] INFO  [prism] [Google] generateText model=gemini-3.5-flash

[90mstdout[2m | tests/thinkingMode.test.ts[2m > [22m[2mGemini 3.5 Flash / Agentic Thinking Mode[2m > [22m[2mGoogle Provider Config Builder[2m > [22m[2mdoes not configure thinkingConfig if thinkingEnabled is explicitly false
[22m[39m[12:28:03] INFO  [prism] [Google] generateText model=gemini-3.5-flash

[90mstdout[2m | tests/thinkingMode.test.ts[2m > [22m[2mGemini 3.5 Flash / Agentic Thinking Mode[2m > [22m[2mGoogle Provider Config Builder[2m > [22m[2mdoes not configure thinkingConfig if model does not support thinking
[22m[39m[12:28:03] INFO  [prism] [Google] generateText model=espeak-ng

[90mstdout[2m | tests/thinkingMode.test.ts[2m > [22m[2mGemini 3.5 Flash / Agentic Thinking Mode[2m > [22m[2mGoogle Provider Stream Thinking Chunk Parsing[2m > [22m[2myields thinking type chunks when parts contain thought and text
[22m[39m[12:28:03] INFO  [prism] [Google] generateTextStream model=gemini-3.5-flash

[90mstdout[2m | tests/thinkingMode.test.ts[2m > [22m[2mGemini 3.5 Flash / Agentic Thinking Mode[2m > [22m[2mGoogle Provider Live API Thinking Parsing[2m > [22m[2mhandles setup complete, yields thinking, yields text and yields usage
[22m[39m[12:28:03] INFO  [prism] [Google] generateTextStreamLive (Live API) model=gemini-3.1-flash-live-preview

[90mstdout[2m | tests/thinkingMode.test.ts[2m > [22m[2mGemini 3.5 Flash / Agentic Thinking Mode[2m > [22m[2mGoogle Provider Live API Thinking Parsing[2m > [22m[2mhandles setup complete, yields thinking, yields text and yields usage
[22m[39m[12:28:03] INFO  [prism] [Google] Live API session opened for gemini-3.1-flash-live-preview

 [32m✓[39m tests/harness-registry.test.ts [2m([22m[2m8 tests[22m[2m)[22m[32m 4[2mms[22m[39m
[90mstdout[2m | tests/thinkingMode.test.ts[2m > [22m[2mAnthropic Claude / Agentic Thinking Mode[2m > [22m[2mAnthropic Provider Config Builder[2m > [22m[2mconfigures thinking and adjusts max_tokens/temperature when thinking is enabled
[22m[39m[12:28:03] INFO  [prism] [Anthropic] generateText model=claude-sonnet-4-6

[90mstdout[2m | tests/thinkingMode.test.ts[2m > [22m[2mAnthropic Claude / Agentic Thinking Mode[2m > [22m[2mAnthropic Provider Config Builder[2m > [22m[2mparses thinkingBudget as integer and maps effort levels correctly
[22m[39m[12:28:03] INFO  [prism] [Anthropic] generateText model=claude-sonnet-4-6

[90mstdout[2m | tests/thinkingMode.test.ts[2m > [22m[2mAnthropic Claude / Agentic Thinking Mode[2m > [22m[2mAnthropic Provider Config Builder[2m > [22m[2mparses thinkingBudget as integer and maps effort levels correctly
[22m[39m[12:28:03] INFO  [prism] [Anthropic] generateText model=claude-sonnet-4-6

[90mstdout[2m | tests/thinkingMode.test.ts[2m > [22m[2mAnthropic Claude / Agentic Thinking Mode[2m > [22m[2mAnthropic Provider Config Builder[2m > [22m[2mdoes not configure thinking if thinkingEnabled is false
[22m[39m[12:28:03] INFO  [prism] [Anthropic] generateText model=claude-sonnet-4-6

[90mstdout[2m | tests/thinkingMode.test.ts[2m > [22m[2mAnthropic Claude / Agentic Thinking Mode[2m > [22m[2mAnthropic Provider Config Builder[2m > [22m[2mdoes not configure thinking if thinkingEnabled is false
[22m[39m[12:28:03] INFO  [prism] [Anthropic] generateText model=claude-sonnet-4-6

[90mstdout[2m | tests/thinkingMode.test.ts[2m > [22m[2mAnthropic Claude / Agentic Thinking Mode[2m > [22m[2mAnthropic Provider Stream Thinking Chunk Parsing[2m > [22m[2myields thinking, signature, text, and usage chunks
[22m[39m[12:28:03] INFO  [prism] [Anthropic] generateTextStream model=claude-sonnet-4-6

 [32m✓[39m tests/thinkingMode.test.ts [2m([22m[2m12 tests[22m[2m)[22m[32m 17[2mms[22m[39m
[90mstdout[2m | tests/tokenCostAccuracy.test.ts[2m > [22m[2mToken/Cost Accuracy — OpenAI gpt-5-nano[2m > [22m[2mcalculates correct cost WITHOUT function calling
[22m[39m[12:28:03] INFO  [prism] [chat] openai gpt-5-nano — in: 500 tokens, out: 200 tokens, speed: N/A tok/s, ttg: 0.00s, generation: 0.00s, total: 0.00s, cost: $0.000105 [default/anonymous] (127.0.0.1)

[90mstdout[2m | tests/auth.test.ts[2m > [22m[2mAuth Middleware[2m > [22m[2mattaches x-project header value to req.project
[22m[39m[12:28:03] INFO  [prism] [chat] openai gpt-5.4 — in: 10 tokens, out: 5 tokens, speed: 1245.6 tok/s, ttg: 0.00s, generation: 0.00s, total: 0.00s, cost: $0.000100 [my-project/anonymous] (127.0.0.1)

[90mstderr[2m | tests/textToText.test.ts[2m > [22m[2mPOST /chat (text-to-text)[2m > [22m[2mreturns error when provider is missing
[22m[39m[12:28:03] ERR   [prism] server: Missing required field: provider

[90mstdout[2m | tests/auth.test.ts[2m > [22m[2mAuth Middleware[2m > [22m[2mdefaults x-project to 'unknown' when header is absent
[22m[39m[12:28:03] INFO  [prism] [chat] openai gpt-5.4 — in: 10 tokens, out: 5 tokens, speed: N/A tok/s, ttg: 0.00s, generation: 0.00s, total: 0.00s, cost: $0.000100 [default/anonymous] (127.0.0.1)

[90mstdout[2m | tests/auth.test.ts[2m > [22m[2mAuth Middleware[2m > [22m[2mattaches x-username header value to req.username
[22m[39m[12:28:03] INFO  [prism] [chat] openai gpt-5.4 — in: 10 tokens, out: 5 tokens, speed: 9853.6 tok/s, ttg: 0.00s, generation: 0.00s, total: 0.00s, cost: $0.000100 [my-project/rodrigo] (127.0.0.1)

[90mstdout[2m | tests/auth.test.ts[2m > [22m[2mAuth Middleware[2m > [22m[2mdefaults x-username to 'unknown' when header is absent
[22m[39m[12:28:03] INFO  [prism] [chat] openai gpt-5.4 — in: 10 tokens, out: 5 tokens, speed: N/A tok/s, ttg: 0.00s, generation: 0.00s, total: 0.00s, cost: $0.000100 [default/anonymous] (127.0.0.1)

 [32m✓[39m tests/auth.test.ts [2m([22m[2m5 tests[22m[2m)[22m[32m 121[2mms[22m[39m
[90mstderr[2m | tests/textToText.test.ts[2m > [22m[2mPOST /chat (text-to-text)[2m > [22m[2mreturns error when messages is missing
[22m[39m[12:28:03] ERR   [prism] server: Missing or invalid field: messages (must be an array)

 [32m✓[39m tests/config.test.ts [2m([22m[2m7 tests[22m[2m)[22m[32m 154[2mms[22m[39m
[90mstderr[2m | tests/textToText.test.ts[2m > [22m[2mPOST /chat (text-to-text)[2m > [22m[2mreturns error when messages is not an array
[22m[39m[12:28:03] ERR   [prism] server: Missing or invalid field: messages (must be an array)

[90mstdout[2m | tests/tokenCostAccuracy.test.ts[2m > [22m[2mToken/Cost Accuracy — OpenAI gpt-5-nano[2m > [22m[2mcalculates correct cost WITH 10 tools (function calling)
[22m[39m[12:28:03] INFO  [prism] [chat] openai gpt-5-nano — in: 3500 tokens, out: 100 tokens, speed: N/A tok/s, ttg: 0.00s, generation: 0.00s, total: 0.00s, cost: $0.000215 [default/anonymous] (127.0.0.1)

[90mstdout[2m | tests/textToText.test.ts[2m > [22m[2mPOST /chat (text-to-text)[2m > [22m[2mreturns 200 with correct response shape (minimal params)
[22m[39m[12:28:03] INFO  [prism] [chat] openai gpt-5.4 — in: 10 tokens, out: 5 tokens, speed: 2707.8 tok/s, ttg: 0.00s, generation: 0.00s, total: 0.00s, cost: $0.000100 [default/anonymous] (127.0.0.1)

[90mstdout[2m | tests/tokenCostAccuracy.test.ts[2m > [22m[2mToken/Cost Accuracy — OpenAI gpt-5-nano[2m > [22m[2mcalculates correct cost with cached input tokens
[22m[39m[12:28:03] INFO  [prism] [chat] openai gpt-5-nano — in: 100 tokens, out: 50 tokens, speed: N/A tok/s, ttg: 0.00s, generation: 0.00s, total: 0.00s, cost: $0.000025 [default/anonymous] (127.0.0.1)

[90mstdout[2m | tests/textToText.test.ts[2m > [22m[2mPOST /chat (text-to-text)[2m > [22m[2muses the default model when model is omitted
[22m[39m[12:28:03] INFO  [prism] [chat] openai gpt-5.4 — in: 10 tokens, out: 5 tokens, speed: N/A tok/s, ttg: 0.00s, generation: 0.00s, total: 0.00s, cost: $0.000100 [default/anonymous] (127.0.0.1)

[90mstdout[2m | tests/tokenCostAccuracy.test.ts[2m > [22m[2mToken/Cost Accuracy — Anthropic haiku-4.5[2m > [22m[2mcalculates correct cost WITHOUT function calling — no cache
[22m[39m[12:28:03] INFO  [prism] [chat] anthropic claude-haiku-4-5-20251001 — in: 500 tokens, out: 200 tokens, speed: N/A tok/s, ttg: 0.00s, generation: 0.00s, total: 0.00s, cost: $0.001500 [default/anonymous] (127.0.0.1)

[90mstdout[2m | tests/textToText.test.ts[2m > [22m[2mPOST /chat (text-to-text)[2m > [22m[2muses custom model when provided
[22m[39m[12:28:03] INFO  [prism] [chat] openai gpt-5.2 — in: 10 tokens, out: 5 tokens, speed: N/A tok/s, ttg: 0.00s, generation: 0.00s, total: 0.00s, cost: $0.000087 [default/anonymous] (127.0.0.1)

[90mstdout[2m | tests/tokenCostAccuracy.test.ts[2m > [22m[2mToken/Cost Accuracy — Anthropic haiku-4.5[2m > [22m[2mcalculates correct cost WITHOUT FC — with cache read
[22m[39m[12:28:03] INFO  [prism] [chat] anthropic claude-haiku-4-5-20251001 — in: 5050 tokens, out: 200 tokens, cache_read: 5000, cache_write: 0, speed: N/A tok/s, ttg: 0.00s, generation: 0.00s, total: 0.00s, cost: $0.001550 [default/anonymous] (127.0.0.1)

[90mstdout[2m | tests/textToText.test.ts[2m > [22m[2mPOST /chat (text-to-text)[2m > [22m[2mpasses options through to the provider
[22m[39m[12:28:03] INFO  [prism] [chat] openai gpt-5.4 — in: 10 tokens, out: 5 tokens, speed: N/A tok/s, ttg: 0.00s, generation: 0.00s, total: 0.00s, cost: $0.000100 [default/anonymous] (127.0.0.1)

[90mstdout[2m | tests/tokenCostAccuracy.test.ts[2m > [22m[2mToken/Cost Accuracy — Anthropic haiku-4.5[2m > [22m[2mcalculates correct cost WITHOUT FC — with cache write
[22m[39m[12:28:03] INFO  [prism] [chat] anthropic claude-haiku-4-5-20251001 — in: 2500 tokens, out: 200 tokens, cache_read: 0, cache_write: 2000, speed: N/A tok/s, ttg: 0.00s, generation: 0.00s, total: 0.00s, cost: $0.004000 [default/anonymous] (127.0.0.1)

[90mstdout[2m | tests/textToText.test.ts[2m > [22m[2mPOST /chat (text-to-text)[2m > [22m[2mdefaults options to empty object when omitted
[22m[39m[12:28:04] INFO  [prism] [chat] openai gpt-5.4 — in: 10 tokens, out: 5 tokens, speed: N/A tok/s, ttg: 0.00s, generation: 0.00s, total: 0.00s, cost: $0.000100 [default/anonymous] (127.0.0.1)

[90mstdout[2m | tests/tokenCostAccuracy.test.ts[2m > [22m[2mToken/Cost Accuracy — Anthropic haiku-4.5[2m > [22m[2mcalculates correct cost WITH FC — cache read + write
[22m[39m[12:28:04] INFO  [prism] [chat] anthropic claude-haiku-4-5-20251001 — in: 24900 tokens, out: 150 tokens, cache_read: 24000, cache_write: 800, speed: N/A tok/s, ttg: 0.00s, generation: 0.00s, total: 0.00s, cost: $0.004250 [default/anonymous] (127.0.0.1)

[90mstdout[2m | tests/textToText.test.ts[2m > [22m[2mPOST /chat (text-to-text)[2m > [22m[2mhandles multiple messages in the array
[22m[39m[12:28:04] INFO  [prism] [chat] openai gpt-5.4 — in: 10 tokens, out: 5 tokens, speed: N/A tok/s, ttg: 0.00s, generation: 0.00s, total: 0.00s, cost: $0.000100 [default/anonymous] (127.0.0.1)

[90mstdout[2m | tests/tokenCostAccuracy.test.ts[2m > [22m[2mToken/Cost Accuracy — Anthropic haiku-4.5[2m > [22m[2mcalculates correct cost WITH FC — heavy cache read (tool definitions)
[22m[39m[12:28:04] INFO  [prism] [chat] anthropic claude-haiku-4-5-20251001 — in: 25008 tokens, out: 400 tokens, cache_read: 25000, cache_write: 0, speed: N/A tok/s, ttg: 0.00s, generation: 0.00s, total: 0.00s, cost: $0.004508 [default/anonymous] (127.0.0.1)

[90mstdout[2m | tests/textToText.test.ts[2m > [22m[2mPOST /chat (text-to-text)[2m > [22m[2mworks with anthropic provider
[22m[39m[12:28:04] INFO  [prism] [chat] anthropic claude-sonnet-4-5-20250929 — in: 10 tokens, out: 5 tokens, speed: 9121.7 tok/s, ttg: 0.00s, generation: 0.00s, total: 0.00s, cost: $0.000105 [default/anonymous] (127.0.0.1)

[90mstdout[2m | tests/tokenCostAccuracy.test.ts[2m > [22m[2mToken/Cost Accuracy — Google gemini-3-flash[2m > [22m[2mcalculates correct cost WITHOUT function calling
[22m[39m[12:28:04] INFO  [prism] [chat] google gemini-3-flash-preview — in: 500 tokens, out: 200 tokens, speed: N/A tok/s, ttg: 0.00s, generation: 0.00s, total: 0.00s, cost: $0.000850 [default/anonymous] (127.0.0.1)

[90mstdout[2m | tests/textToText.test.ts[2m > [22m[2mPOST /chat (text-to-text)[2m > [22m[2mworks with google provider
[22m[39m[12:28:04] INFO  [prism] [chat] google gemini-3-pro-image-preview — in: 10 tokens, out: 5 tokens, speed: 9277.6 tok/s, ttg: 0.00s, generation: 0.00s, total: 0.00s, cost: $0.000080 [default/anonymous] (127.0.0.1)

[90mstdout[2m | tests/tokenCostAccuracy.test.ts[2m > [22m[2mToken/Cost Accuracy — Google gemini-3-flash[2m > [22m[2mcalculates correct cost WITH 10 tools (function calling)
[22m[39m[12:28:04] INFO  [prism] [chat] google gemini-3-flash-preview — in: 4000 tokens, out: 120 tokens, speed: N/A tok/s, ttg: 0.00s, generation: 0.00s, total: 0.00s, cost: $0.002360 [default/anonymous] (127.0.0.1)

[90mstdout[2m | tests/textToText.test.ts[2m > [22m[2mPOST /chat (text-to-text)[2m > [22m[2mworks with openai-compatible provider
[22m[39m[12:28:04] INFO  [prism] [chat] openai-compatible undefined — in: 10 tokens, out: 5 tokens, speed: N/A tok/s, ttg: 0.00s, generation: 0.00s, total: 0.00s [default/anonymous] (127.0.0.1)

[90mstdout[2m | tests/tokenCostAccuracy.test.ts[2m > [22m[2mToken/Cost Accuracy — Google gemini-3-flash[2m > [22m[2mhandles large context window (100k+ tokens)
[22m[39m[12:28:04] INFO  [prism] [chat] google gemini-3-flash-preview — in: 100000 tokens, out: 8000 tokens, speed: N/A tok/s, ttg: 0.00s, generation: 0.00s, total: 0.00s, cost: $0.074000 [default/anonymous] (127.0.0.1)

[90mstderr[2m | tests/textToText.test.ts[2m > [22m[2mPOST /chat (text-to-text)[2m > [22m[2mreturns 500 when provider throws an error
[22m[39m[12:28:04] ERR   [prism] server: API down

[90mstdout[2m | tests/tokenCostAccuracy.test.ts[2m > [22m[2mCross-provider cost consistency[2m > [22m[2mall providers return estimatedCost as a number (not null) for known models
[22m[39m[12:28:04] INFO  [prism] [chat] openai gpt-5-nano — in: 100 tokens, out: 50 tokens, speed: N/A tok/s, ttg: 0.00s, generation: 0.00s, total: 0.00s, cost: $0.000025 [default/anonymous] (127.0.0.1)

[90mstderr[2m | tests/textToText.test.ts[2m > [22m[2mPOST /chat (text-to-text)[2m > [22m[2mreturns error for unsupported provider that does not support text generation
[22m[39m[12:28:04] ERR   [prism] server: Provider "elevenlabs" does not support text generation

[90mstdout[2m | tests/tokenCostAccuracy.test.ts[2m > [22m[2mCross-provider cost consistency[2m > [22m[2mall providers return estimatedCost as a number (not null) for known models
[22m[39m[12:28:04] INFO  [prism] [chat] anthropic claude-haiku-4-5-20251001 — in: 100 tokens, out: 50 tokens, speed: N/A tok/s, ttg: 0.00s, generation: 0.00s, total: 0.00s, cost: $0.000350 [default/anonymous] (127.0.0.1)

[90mstderr[2m | tests/textToText.test.ts[2m > [22m[2mPOST /chat (text-to-text)[2m > [22m[2mreturns error for unknown provider
[22m[39m[12:28:04] ERR   [prism] server: Unknown provider "nonexistent". Available: openai, anthropic, google, elevenlabs, inworld, openai-compatible, lm-studio, ollama, llama-cpp, vllm

 [32m✓[39m tests/textToText.test.ts [2m([22m[2m15 tests[22m[2m)[22m[33m 407[2mms[22m[39m
[90mstdout[2m | tests/tokenCostAccuracy.test.ts[2m > [22m[2mCross-provider cost consistency[2m > [22m[2mall providers return estimatedCost as a number (not null) for known models
[22m[39m[12:28:04] INFO  [prism] [chat] google gemini-3-flash-preview — in: 100 tokens, out: 50 tokens, speed: N/A tok/s, ttg: 0.00s, generation: 0.00s, total: 0.00s, cost: $0.000200 [default/anonymous] (127.0.0.1)

[90mstdout[2m | tests/tokenCostAccuracy.test.ts[2m > [22m[2mCross-provider cost consistency[2m > [22m[2mcost increases proportionally with token count
[22m[39m[12:28:04] INFO  [prism] [chat] openai gpt-5-nano — in: 100 tokens, out: 50 tokens, speed: N/A tok/s, ttg: 0.00s, generation: 0.00s, total: 0.00s, cost: $0.000025 [default/anonymous] (127.0.0.1)

[90mstderr[2m | tests/textToSpeech.test.ts[2m > [22m[2mPOST /text-to-audio[2m > [22m[2mreturns 400 when provider is missing
[22m[39m[12:28:04] ERR   [prism] server: Missing required field: provider

[90mstderr[2m | tests/textToSpeech.test.ts[2m > [22m[2mPOST /text-to-audio[2m > [22m[2mreturns 400 when text is missing
[22m[39m[12:28:04] ERR   [prism] server: Missing required field: text

[90mstdout[2m | tests/tokenCostAccuracy.test.ts[2m > [22m[2mCross-provider cost consistency[2m > [22m[2mcost increases proportionally with token count
[22m[39m[12:28:04] INFO  [prism] [chat] openai gpt-5-nano — in: 1000 tokens, out: 500 tokens, speed: N/A tok/s, ttg: 0.00s, generation: 0.00s, total: 0.00s, cost: $0.000250 [default/anonymous] (127.0.0.1)

[90mstdout[2m | tests/tokenCostAccuracy.test.ts[2m > [22m[2mCross-provider cost consistency[2m > [22m[2mcost increases proportionally with token count
[22m[39m[12:28:04] INFO  [prism] [chat] openai gpt-5-nano — in: 10000 tokens, out: 5000 tokens, speed: N/A tok/s, ttg: 0.00s, generation: 0.00s, total: 0.00s, cost: $0.002500 [default/anonymous] (127.0.0.1)

[90mstdout[2m | tests/tokenCostAccuracy.test.ts[2m > [22m[2mCross-provider cost consistency[2m > [22m[2mtools in request do not inflate cost when usage tokens are the same
[22m[39m[12:28:04] INFO  [prism] [chat] google gemini-3-flash-preview — in: 500 tokens, out: 200 tokens, speed: N/A tok/s, ttg: 0.00s, generation: 0.00s, total: 0.00s, cost: $0.000850 [default/anonymous] (127.0.0.1)

[90mstdout[2m | tests/tokenCostAccuracy.test.ts[2m > [22m[2mCross-provider cost consistency[2m > [22m[2mtools in request do not inflate cost when usage tokens are the same
[22m[39m[12:28:04] INFO  [prism] [chat] google gemini-3-flash-preview — in: 500 tokens, out: 200 tokens, speed: N/A tok/s, ttg: 0.00s, generation: 0.00s, total: 0.00s, cost: $0.000850 [default/anonymous] (127.0.0.1)

[90mstdout[2m | tests/tokenCostAccuracy.test.ts[2m > [22m[2mToken/Cost edge cases[2m > [22m[2mzero output tokens still computes input cost
[22m[39m[12:28:04] INFO  [prism] [chat] anthropic claude-haiku-4-5-20251001 — in: 1000 tokens, out: 0 tokens, speed: N/A tok/s, ttg: 0.00s, generation: 0.00s, total: 0.00s, cost: $0.001000 [default/anonymous] (127.0.0.1)

[90mstdout[2m | tests/tokenCostAccuracy.test.ts[2m > [22m[2mToken/Cost edge cases[2m > [22m[2mvery large token counts compute correctly
[22m[39m[12:28:04] INFO  [prism] [chat] openai gpt-5-nano — in: 1000000 tokens, out: 100000 tokens, speed: N/A tok/s, ttg: 0.00s, generation: 0.00s, total: 0.00s, cost: $0.090000 [default/anonymous] (127.0.0.1)

[90mstdout[2m | tests/tokenCostAccuracy.test.ts[2m > [22m[2mToken/Cost edge cases[2m > [22m[2mAnthropic cache fields propagate through to usage in response
[22m[39m[12:28:04] INFO  [prism] [chat] anthropic claude-haiku-4-5-20251001 — in: 10510 tokens, out: 50 tokens, cache_read: 10000, cache_write: 500, speed: N/A tok/s, ttg: 0.00s, generation: 0.00s, total: 0.00s, cost: $0.001885 [default/anonymous] (127.0.0.1)

 [32m✓[39m tests/tokenCostAccuracy.test.ts [2m([22m[2m17 tests[22m[2m)[22m[33m 592[2mms[22m[39m
[90mstdout[2m | tests/textToSpeech.test.ts[2m > [22m[2mPOST /text-to-audio[2m > [22m[2mreturns binary audio with correct Content-Type (minimal params)
[22m[39m[12:28:04] INFO  [prism] [audio] openai model=default — total: 0.00s [default/anonymous] (127.0.0.1)

[90mstdout[2m | tests/textToSpeech.test.ts[2m > [22m[2mPOST /text-to-audio[2m > [22m[2mpasses voice parameter to the provider
[22m[39m[12:28:04] INFO  [prism] [audio] openai model=default — total: 0.00s [default/anonymous] (127.0.0.1)

[90mstdout[2m | tests/textToSpeech.test.ts[2m > [22m[2mPOST /text-to-audio[2m > [22m[2mpasses undefined voice when omitted
[22m[39m[12:28:04] INFO  [prism] [audio] openai model=default — total: 0.00s [default/anonymous] (127.0.0.1)

[90mstdout[2m | tests/textToSpeech.test.ts[2m > [22m[2mPOST /text-to-audio[2m > [22m[2mmerges instructions into the options object
[22m[39m[12:28:04] INFO  [prism] [audio] openai model=default — total: 0.00s [default/anonymous] (127.0.0.1)

[90mstdout[2m | tests/textToSpeech.test.ts[2m > [22m[2mPOST /text-to-audio[2m > [22m[2mmerges model into the options object
[22m[39m[12:28:04] INFO  [prism] [audio] openai model=gpt-4o-mini-tts — total: 0.00s [default/anonymous] (127.0.0.1)

[90mstdout[2m | tests/textToSpeech.test.ts[2m > [22m[2mPOST /text-to-audio[2m > [22m[2mspreads extra options into final options
[22m[39m[12:28:04] INFO  [prism] [audio] openai model=default — total: 0.00s [default/anonymous] (127.0.0.1)

[90mstdout[2m | tests/textToSpeech.test.ts[2m > [22m[2mPOST /text-to-audio[2m > [22m[2mcombines instructions, model, and extra options
[22m[39m[12:28:04] INFO  [prism] [audio] openai model=gpt-4o-mini-tts — total: 0.00s [default/anonymous] (127.0.0.1)

[90mstdout[2m | tests/textToSpeech.test.ts[2m > [22m[2mPOST /text-to-audio[2m > [22m[2mworks with elevenlabs provider
[22m[39m[12:28:04] INFO  [prism] [audio] elevenlabs model=default — total: 0.00s [default/anonymous] (127.0.0.1)

[90mstdout[2m | tests/textToSpeech.test.ts[2m > [22m[2mPOST /text-to-audio[2m > [22m[2mworks with google provider
[22m[39m[12:28:04] INFO  [prism] [audio] google model=default — total: 0.00s [default/anonymous] (127.0.0.1)

[90mstdout[2m | tests/textToSpeech.test.ts[2m > [22m[2mPOST /text-to-audio[2m > [22m[2mworks with inworld provider
[22m[39m[12:28:04] INFO  [prism] [audio] inworld model=default — total: 0.00s [default/anonymous] (127.0.0.1)

[90mstderr[2m | tests/textToSpeech.test.ts[2m > [22m[2mPOST /text-to-audio[2m > [22m[2mreturns 400 for provider that does not support TTS
[22m[39m[12:28:04] ERR   [prism] anthropic: Provider "anthropic" does not support text-to-speech

[90mstdout[2m | tests/textToSpeech.test.ts[2m > [22m[2mPOST /text-to-audio[2m > [22m[2mreturns audio content-type from the response
[22m[39m[12:28:04] INFO  [prism] [audio] openai model=default — total: 0.00s [default/anonymous] (127.0.0.1)

 [32m✓[39m tests/textToSpeech.test.ts [2m([22m[2m14 tests[22m[2m)[22m[33m 844[2mms[22m[39m
     [33m[2m✓[22m[39m returns 400 when provider is missing [33m 442[2mms[22m[39m
 [32m✓[39m tests/configUtils.test.ts [2m([22m[2m20 tests[22m[2m)[22m[33m 857[2mms[22m[39m
     [33m[2m✓[22m[39m config response includes textToText models with correct structure [33m 462[2mms[22m[39m
[90mstderr[2m | tests/textToImage.test.ts[2m > [22m[2mPOST /chat (text-to-image via imageAPI model)[2m > [22m[2mreturns error when provider is missing
[22m[39m[12:28:04] ERR   [prism] server: Missing required field: provider

[90mstderr[2m | tests/imageToText.test.ts[2m > [22m[2mPOST /chat (image-to-text / vision)[2m > [22m[2mreturns error when provider is missing
[22m[39m[12:28:04] ERR   [prism] server: Missing required field: provider

[90mstderr[2m | tests/textToImage.test.ts[2m > [22m[2mPOST /chat (text-to-image via imageAPI model)[2m > [22m[2mreturns error when messages is missing
[22m[39m[12:28:04] ERR   [prism] server: Missing or invalid field: messages (must be an array)

[90mstderr[2m | tests/imageToText.test.ts[2m > [22m[2mPOST /chat (image-to-text / vision)[2m > [22m[2mreturns error when messages is missing
[22m[39m[12:28:04] ERR   [prism] server: Missing or invalid field: messages (must be an array)

[90mstdout[2m | tests/textToImage.test.ts[2m > [22m[2mPOST /chat (text-to-image via imageAPI model)[2m > [22m[2mreturns 200 with correct response shape (imageAPI model)
[22m[39m[12:28:04] INFO  [prism] [chat/image-api] openai gpt-image-1.5 — total: 0.00s, cost: $0.033822 [default/anonymous] (127.0.0.1)

(node:65374) Warning: Setting the NODE_TLS_REJECT_UNAUTHORIZED environment variable to '0' makes TLS connections and HTTPS requests insecure by disabling certificate verification.
(Use `node --trace-warnings ...` to show where the warning was created)
[90mstdout[2m | tests/textToImage.test.ts[2m > [22m[2mPOST /chat (text-to-image via imageAPI model)[2m > [22m[2mpasses model to the provider via generateImage
[22m[39m[12:28:04] INFO  [prism] [chat/image-api] openai gpt-image-1.5 — total: 0.00s, cost: $0.033802 [default/anonymous] (127.0.0.1)

[90mstderr[2m | tests/textToImage.test.ts[2m > [22m[2mPOST /chat (text-to-image via imageAPI model)[2m > [22m[2mpasses images from messages to the provider
[22m[39m[12:28:04] WARN  [prism] [media] Dimension check failed (Input buffer contains unsupported image format), passing through

[90mstdout[2m | tests/textToImage.test.ts[2m > [22m[2mPOST /chat (text-to-image via imageAPI model)[2m > [22m[2mpasses images from messages to the provider
[22m[39m[12:28:04] INFO  [prism] [chat/image-api] openai gpt-image-1.5 — total: 0.00s, cost: $0.035876 [default/anonymous] (127.0.0.1)

[90mstdout[2m | tests/textToImage.test.ts[2m > [22m[2mPOST /chat (text-to-image via imageAPI model)[2m > [22m[2mdefaults images to empty array when no images in messages
[22m[39m[12:28:04] INFO  [prism] [chat/image-api] openai gpt-image-1.5 — total: 0.00s, cost: $0.033802 [default/anonymous] (127.0.0.1)

 [32m✓[39m tests/health.test.ts [2m([22m[2m4 tests[22m[2m)[22m[33m 998[2mms[22m[39m
     [33m[2m✓[22m[39m returns 200 without auth header [33m 873[2mms[22m[39m
[90mstderr[2m | tests/imageToText.test.ts[2m > [22m[2mPOST /chat (image-to-text / vision)[2m > [22m[2mreturns 200 with correct response shape (image + prompt)
[22m[39m[12:28:04] WARN  [prism] [chat] Failed to fetch media URL (404): https://example.com/cat.jpg

[90mstdout[2m | tests/imageToText.test.ts[2m > [22m[2mPOST /chat (image-to-text / vision)[2m > [22m[2mreturns 200 with correct response shape (image + prompt)
[22m[39m[12:28:04] INFO  [prism] [chat] google gemini-3-flash-preview — in: 100 tokens, out: 50 tokens, speed: 763.1 tok/s, ttg: 0.06s, generation: 0.00s, total: 0.07s, cost: $0.000200 [default/anonymous] (127.0.0.1)

[90mstdout[2m | tests/textToImage.test.ts[2m > [22m[2mPOST /chat (text-to-image via imageAPI model)[2m > [22m[2mdefaults mimeType to image/png when provider returns none
[22m[39m[12:28:04] INFO  [prism] [chat/image-api] openai gpt-image-1.5 — total: 0.00s, cost: $0.033802 [default/anonymous] (127.0.0.1)

[90mstderr[2m | tests/imageToText.test.ts[2m > [22m[2mPOST /chat (image-to-text / vision)[2m > [22m[2mincludes estimatedCost in the response
[22m[39m[12:28:04] WARN  [prism] [chat] Failed to fetch media URL (404): https://example.com/cat.jpg

[90mstdout[2m | tests/imageToText.test.ts[2m > [22m[2mPOST /chat (image-to-text / vision)[2m > [22m[2mincludes estimatedCost in the response
[22m[39m[12:28:04] INFO  [prism] [chat] google gemini-3-flash-preview — in: 100 tokens, out: 50 tokens, speed: 6055.6 tok/s, ttg: 0.01s, generation: 0.00s, total: 0.01s, cost: $0.000200 [default/anonymous] (127.0.0.1)

[90mstdout[2m | tests/textToImage.test.ts[2m > [22m[2mPOST /chat (text-to-image via imageAPI model)[2m > [22m[2mdefaults text to null when provider returns no text
[22m[39m[12:28:04] INFO  [prism] [chat/image-api] openai gpt-image-1.5 — total: 0.00s, cost: $0.033802 [default/anonymous] (127.0.0.1)

[90mstderr[2m | tests/modalityToEmbedding.test.ts[2m > [22m[2mPOST /modality-to-embedding[2m > [22m[2mreturns 400 when provider is missing
[22m[39m[12:28:04] ERR   [prism] server: Missing required field: provider

[90mstdout[2m | tests/textToImage.test.ts[2m > [22m[2mPOST /chat (text-to-image via imageAPI model)[2m > [22m[2mreturns error for provider that does not support image generation
[22m[39m[12:28:04] INFO  [prism] [chat] anthropic gpt-image-1.5 — in: 10 tokens, out: 5 tokens, speed: 3220.3 tok/s, ttg: 0.00s, generation: 0.00s, total: 0.00s, cost: $0.000100 [default/anonymous] (127.0.0.1)

[90mstderr[2m | tests/imageToText.test.ts[2m > [22m[2mPOST /chat (image-to-text / vision)[2m > [22m[2mpasses custom model to the provider when provided
[22m[39m[12:28:04] WARN  [prism] [chat] Failed to fetch media URL (404): https://example.com/cat.jpg

[90mstdout[2m | tests/imageToText.test.ts[2m > [22m[2mPOST /chat (image-to-text / vision)[2m > [22m[2mpasses custom model to the provider when provided
[22m[39m[12:28:04] INFO  [prism] [chat] openai gpt-5-mini — in: 100 tokens, out: 50 tokens, speed: 6329.0 tok/s, ttg: 0.01s, generation: 0.00s, total: 0.01s, cost: $0.000125 [default/anonymous] (127.0.0.1)

[90mstderr[2m | tests/modalityToEmbedding.test.ts[2m > [22m[2mPOST /modality-to-embedding[2m > [22m[2mreturns 400 when no content inputs provided
[22m[39m[12:28:04] ERR   [prism] server: At least one content input is required (text, images, audio, video, or pdf)

[90mstderr[2m | tests/textToImage.test.ts[2m > [22m[2mPOST /chat (text-to-image via imageAPI model)[2m > [22m[2mreturns 500 when provider throws
[22m[39m[12:28:04] ERR   [prism] server: Generation failed

 [32m✓[39m tests/textToImage.test.ts [2m([22m[2m10 tests[22m[2m)[22m[33m 1083[2mms[22m[39m
     [33m[2m✓[22m[39m returns error when provider is missing [33m 891[2mms[22m[39m
[90mstdout[2m | tests/modalityToEmbedding.test.ts[2m > [22m[2mPOST /modality-to-embedding[2m > [22m[2mreturns 200 with text-only input
[22m[39m[12:28:04] INFO  [prism] [embed] google model=gemini-embedding-2-preview source=api — dims: 3, total: 0.00s, cost: $0.000001 [default/anonymous] (127.0.0.1)

[90mstderr[2m | tests/imageToText.test.ts[2m > [22m[2mPOST /chat (image-to-text / vision)[2m > [22m[2muses default model when model is omitted
[22m[39m[12:28:04] WARN  [prism] [chat] Failed to fetch media URL (404): https://example.com/cat.jpg

[90mstdout[2m | tests/imageToText.test.ts[2m > [22m[2mPOST /chat (image-to-text / vision)[2m > [22m[2muses default model when model is omitted
[22m[39m[12:28:04] INFO  [prism] [chat] google gemini-3-flash-preview — in: 100 tokens, out: 50 tokens, speed: 6040.2 tok/s, ttg: 0.01s, generation: 0.00s, total: 0.01s, cost: $0.000200 [default/anonymous] (127.0.0.1)

[90mstdout[2m | tests/modalityToEmbedding.test.ts[2m > [22m[2mPOST /modality-to-embedding[2m > [22m[2mreturns 200 with image input
[22m[39m[12:28:04] INFO  [prism] [embed] google model=gemini-embedding-2-preview source=api — dims: 3, total: 0.00s, cost: $0.000020 [default/anonymous] (127.0.0.1)

[90mstderr[2m | tests/imageToText.test.ts[2m > [22m[2mPOST /chat (image-to-text / vision)[2m > [22m[2maccepts base64 image data in messages
[22m[39m[12:28:04] WARN  [prism] [media] Dimension check failed (Input buffer has corrupt header: VipsJpeg: premature end of JPEG image), passing through

[90mstdout[2m | tests/imageToText.test.ts[2m > [22m[2mPOST /chat (image-to-text / vision)[2m > [22m[2maccepts base64 image data in messages
[22m[39m[12:28:04] INFO  [prism] [chat] google gemini-3-flash-preview — in: 100 tokens, out: 50 tokens, speed: N/A tok/s, ttg: 0.00s, generation: 0.00s, total: 0.00s, cost: $0.000200 [default/anonymous] (127.0.0.1)

[90mstdout[2m | tests/modalityToEmbedding.test.ts[2m > [22m[2mPOST /modality-to-embedding[2m > [22m[2mreturns 200 with text + image multimodal input
[22m[39m[12:28:04] INFO  [prism] [embed] google model=gemini-embedding-2-preview source=api — dims: 3, total: 0.00s, cost: $0.000020 [default/anonymous] (127.0.0.1)

[90mstderr[2m | tests/imageToText.test.ts[2m > [22m[2mPOST /chat (image-to-text / vision)[2m > [22m[2msupports multiple images in a single message
[22m[39m[12:28:04] WARN  [prism] [chat] Failed to fetch media URL (404): https://example.com/cat.jpg

[90mstdout[2m | tests/modalityToEmbedding.test.ts[2m > [22m[2mPOST /modality-to-embedding[2m > [22m[2mpasses taskType and dimensions via options
[22m[39m[12:28:04] INFO  [prism] [embed] google model=gemini-embedding-2-preview source=api — dims: 3, total: 0.00s, cost: $0.000000 [default/anonymous] (127.0.0.1)

[90mstdout[2m | tests/modalityToEmbedding.test.ts[2m > [22m[2mPOST /modality-to-embedding[2m > [22m[2mpasses model to the provider when provided
[22m[39m[12:28:04] INFO  [prism] [embed] google model=gemini-embedding-001 source=api — dims: 3, total: 0.00s, cost: $0.000000 [default/anonymous] (127.0.0.1)

[90mstdout[2m | tests/modalityToEmbedding.test.ts[2m > [22m[2mPOST /modality-to-embedding[2m > [22m[2mreturns 400 for provider that does not support embeddings
[22m[39m[12:28:04] INFO  [prism] [embed] elevenlabs model=gemini-embedding-2-preview source=api — FAILED: Provider "elevenlabs" does not support embeddings, cost: $0.000000 [default/anonymous] (127.0.0.1)

[90mstderr[2m | tests/modalityToEmbedding.test.ts[2m > [22m[2mPOST /modality-to-embedding[2m > [22m[2mreturns 400 for provider that does not support embeddings
[22m[39m[12:28:04] ERR   [prism] elevenlabs: Provider "elevenlabs" does not support embeddings

[90mstderr[2m | tests/imageToText.test.ts[2m > [22m[2mPOST /chat (image-to-text / vision)[2m > [22m[2msupports multiple images in a single message
[22m[39m[12:28:04] WARN  [prism] [chat] Failed to fetch media URL (404): https://example.com/dog.jpg

[90mstdout[2m | tests/imageToText.test.ts[2m > [22m[2mPOST /chat (image-to-text / vision)[2m > [22m[2msupports multiple images in a single message
[22m[39m[12:28:04] INFO  [prism] [chat] google gemini-3-flash-preview — in: 100 tokens, out: 50 tokens, speed: 882.5 tok/s, ttg: 0.06s, generation: 0.00s, total: 0.06s, cost: $0.000200 [default/anonymous] (127.0.0.1)

[90mstdout[2m | tests/modalityToEmbedding.test.ts[2m > [22m[2mPOST /modality-to-embedding[2m > [22m[2mreturns 500 when provider throws
[22m[39m[12:28:04] INFO  [prism] [embed] google model=gemini-embedding-2-preview source=api — FAILED: Embedding service down, cost: $0.000000 [default/anonymous] (127.0.0.1)

[90mstderr[2m | tests/modalityToEmbedding.test.ts[2m > [22m[2mPOST /modality-to-embedding[2m > [22m[2mreturns 500 when provider throws
[22m[39m[12:28:04] ERR   [prism] Server: Embedding service down

[90mstderr[2m | tests/imageToText.test.ts[2m > [22m[2mPOST /chat (image-to-text / vision)[2m > [22m[2mworks with openai provider
[22m[39m[12:28:04] WARN  [prism] [chat] Failed to fetch media URL (404): https://example.com/cat.jpg

[90mstdout[2m | tests/imageToText.test.ts[2m > [22m[2mPOST /chat (image-to-text / vision)[2m > [22m[2mworks with openai provider
[22m[39m[12:28:04] INFO  [prism] [chat] openai gpt-5.4 — in: 100 tokens, out: 50 tokens, speed: 7203.7 tok/s, ttg: 0.01s, generation: 0.00s, total: 0.01s, cost: $0.001000 [default/anonymous] (127.0.0.1)

[90mstdout[2m | tests/modalityToEmbedding.test.ts[2m > [22m[2mPOST /modality-to-embedding[2m > [22m[2mreturns error for unknown provider
[22m[39m[12:28:04] INFO  [prism] [embed] nonexistent model=gemini-embedding-2-preview source=api — FAILED: Unknown provider "nonexistent". Available: openai, anthropic, google, elevenlabs, inworld, openai-compatible, lm-studio, ollama, llama-cpp, vllm, cost: $0.000000 [default/anonymous] (127.0.0.1)

[90mstderr[2m | tests/modalityToEmbedding.test.ts[2m > [22m[2mPOST /modality-to-embedding[2m > [22m[2mreturns error for unknown provider
[22m[39m[12:28:04] ERR   [prism] Server: Unknown provider "nonexistent". Available: openai, anthropic, google, elevenlabs, inworld, openai-compatible, lm-studio, ollama, llama-cpp, vllm

 [32m✓[39m tests/modalityToEmbedding.test.ts [2m([22m[2m10 tests[22m[2m)[22m[33m 1228[2mms[22m[39m
     [33m[2m✓[22m[39m returns 400 when provider is missing [33m 1054[2mms[22m[39m
[90mstderr[2m | tests/imageToText.test.ts[2m > [22m[2mPOST /chat (image-to-text / vision)[2m > [22m[2mreturns error for provider that does not support text generation
[22m[39m[12:28:04] WARN  [prism] [chat] Failed to fetch media URL (404): https://example.com/cat.jpg

[90mstderr[2m | tests/imageToText.test.ts[2m > [22m[2mPOST /chat (image-to-text / vision)[2m > [22m[2mreturns error for provider that does not support text generation
[22m[39m[12:28:04] ERR   [prism] server: Provider "elevenlabs" does not support text generation

[90mstderr[2m | tests/imageToText.test.ts[2m > [22m[2mPOST /chat (image-to-text / vision)[2m > [22m[2mreturns 500 when provider throws
[22m[39m[12:28:04] WARN  [prism] [chat] Failed to fetch media URL (404): https://example.com/cat.jpg

[90mstderr[2m | tests/imageToText.test.ts[2m > [22m[2mPOST /chat (image-to-text / vision)[2m > [22m[2mreturns 500 when provider throws
[22m[39m[12:28:04] ERR   [prism] server: Vision failed

 [32m✓[39m tests/imageToText.test.ts [2m([22m[2m11 tests[22m[2m)[22m[33m 1257[2mms[22m[39m
     [33m[2m✓[22m[39m returns error when provider is missing [33m 902[2mms[22m[39m

[2m Test Files [22m [1m[32m24 passed[39m[22m[90m (24)[39m
[2m      Tests [22m [1m[32m432 passed[39m[22m[90m (432)[39m
[2m   Start at [22m 12:28:02
[2m   Duration [22m 2.27s[2m (transform 8.39s, setup 0ms, import 14.74s, tests 8.00s, environment 2ms)[22m

